../Drivers/CMSIS/Include/core_cm4.h:1688:22:__NVIC_EnableIRQ	16	static
../Core/Src/main.c:39:6:InfraredInit	4	static
../Core/Src/main.c:49:6:ReadInfrared	8	static
../Core/Src/main.c:99:13:pin_init	4	static
../Core/Src/main.c:110:6:TIM3_Init	4	static
../Core/Src/main.c:125:6:TIM4_Init	8	static
../Core/Src/main.c:160:6:DisplayDistance	16	static
../Core/Src/main.c:168:6:TIM4_IRQHandler	16	static
../Core/Src/main.c:212:5:main	8	static,ignoring_inline_asm
../Core/Src/main.c:238:6:SystemClock_Config	160	static
../Core/Src/main.c:285:13:MX_USART2_UART_Init	8	static
../Core/Src/main.c:320:13:MX_GPIO_Init	48	static
../Core/Src/main.c:360:6:Error_Handler	4	static,ignoring_inline_asm
