../Drivers/CMSIS/Include/core_cm4.h:1688:22:__NVIC_EnableIRQ	16	static
../Core/Src/main.c:74:5:main	8	static
../Core/Src/main.c:110:6:Pin_Config	4	static
../Core/Src/main.c:135:6:Timer2_Config	4	static
../Core/Src/main.c:154:6:Timer3_Config	4	static
../Core/Src/main.c:168:6:Timer4_Config	8	static
../Core/Src/main.c:194:6:ReadInfrared	48	static
../Core/Src/main.c:246:8:PID_Controller	48	static
../Core/Src/main.c:276:6:PID_Controller_loop	32	static
../Core/Src/main.c:287:6:map	24	static
../Core/Src/main.c:291:8:convert_output	32	static
../Core/Src/main.c:296:6:Right_Wheel_Forward_Rotation	32	static
../Core/Src/main.c:302:6:Left_Wheel_Forward_Rotation	32	static
../Core/Src/main.c:308:6:Stop_Wheels	4	static
../Core/Src/main.c:313:6:TIM4_IRQHandler	16	static
../Core/Src/main.c:331:6:Servo_Controller	32	static
../Core/Src/main.c:344:6:SystemClock_Config	160	static
../Core/Src/main.c:391:13:MX_USART2_UART_Init	8	static
../Core/Src/main.c:426:13:MX_GPIO_Init	48	static
../Core/Src/main.c:466:6:Error_Handler	4	static,ignoring_inline_asm
