../Drivers/CMSIS/Include/core_cm4.h:1688:22:__NVIC_EnableIRQ	16	static
../Core/Src/main.c:83:5:main	8	static
../Core/Src/main.c:114:6:Pin_Config	4	static
../Core/Src/main.c:135:6:Timer2_Config	4	static
../Core/Src/main.c:154:6:Timer3_Config	4	static
../Core/Src/main.c:168:6:Timer4_Config	8	static
../Core/Src/main.c:193:6:ReadSerial	16	static
../Core/Src/main.c:210:6:ReadInfrared	40	static
../Core/Src/main.c:263:8:PID_Controller	96	dynamic
../Core/Src/main.c:299:6:PID_Controller_loop	32	static
../Core/Src/main.c:308:6:InfraredInit	4	static
../Core/Src/main.c:320:6:map	24	static
../Core/Src/main.c:324:5:convert_output	32	static
../Core/Src/main.c:329:6:Right_Wheel_Forward_Rotation	24	static
../Core/Src/main.c:335:6:Left_Wheel_Forward_Rotation	24	static
../Core/Src/main.c:341:6:Right_Wheel_Backward_Rotation	24	static
../Core/Src/main.c:346:6:Left_Wheel_Backward_Rotation	24	static
../Core/Src/main.c:351:6:Stop_Wheels	4	static
../Core/Src/main.c:356:6:TIM4_IRQHandler	16	static
../Core/Src/main.c:373:6:Servo_Controller	32	static
../Core/Src/main.c:386:6:SystemClock_Config	160	static
../Core/Src/main.c:433:13:MX_USART2_UART_Init	8	static
../Core/Src/main.c:468:13:MX_GPIO_Init	48	static
../Core/Src/main.c:508:6:Error_Handler	4	static,ignoring_inline_asm
